// Jest Snapshot v1, https://goo.gl/fbAQLP

exports[`<Button /> component matches snapshot 1`] = `
<div>
  <button
    class="px-4 py-1 text-sm uppercase font-semibold rounded-md ring text-white bg-blue-600 shadow-lg hover:bg-blue-700"
  />
</div>
`;

exports[`<Button /> component should render correctly 1`] = `
<div>
  <button
    class="px-4 py-1 text-sm uppercase font-semibold rounded-md ring text-white bg-blue-600 shadow-lg hover:bg-blue-700"
  />
</div>
`;
